---
http_interactions:
- request:
    method: post
    uri: http://localhost:3000/v1/schools
    body:
      encoding: ASCII-8BIT
      string: school%5Buid%5D=123&school%5Boverweight_percentage%5D=32.3&school%5Bobese_percentage%5D=14
    headers:
      User-Agent:
      - Hurley v0.1
      Content-Type:
      - application/x-www-form-urlencoded
      Content-Length:
      - '90'
      Accept-Encoding:
      - gzip;q=1.0,deflate;q=0.6,identity;q=0.3
      Accept:
      - "*/*"
  response:
    status:
      code: 201
      message: 'Created '
    headers:
      X-Frame-Options:
      - SAMEORIGIN
      X-Xss-Protection:
      - 1; mode=block
      X-Content-Type-Options:
      - nosniff
      Location:
      - http://localhost:3000/v1/schools/754
      Content-Type:
      - application/json; charset=utf-8
      Etag:
      - '"9c408b685bdb2eefe3a366241c3773af"'
      Cache-Control:
      - max-age=0, private, must-revalidate
      X-Request-Id:
      - 5e503835-88a7-4b8a-8523-e5c52d76a865
      X-Runtime:
      - '0.009419'
      Server:
      - WEBrick/1.3.1 (Ruby/2.1.5/2014-11-13)
      Date:
      - Wed, 03 Jun 2015 18:17:09 GMT
      Content-Length:
      - '176'
      Connection:
      - Keep-Alive
    body:
      encoding: UTF-8
      string: '{"id":754,"uid":"123","overweight_percentage":"32.3","obese_percentage":"14.0","county_id":null,"created_at":"2015-06-03T18:17:09.061Z","updated_at":"2015-06-03T18:17:09.061Z"}'
    http_version: 
  recorded_at: Wed, 03 Jun 2015 18:17:09 GMT
- request:
    method: put
    uri: http://localhost:3000/v1/schools/754
    body:
      encoding: ASCII-8BIT
      string: school%5Buid%5D=999&school%5Boverweight_percentage%5D=12.3&school%5Bobese_percentage%5D=19
    headers:
      User-Agent:
      - Hurley v0.1
      Content-Type:
      - application/x-www-form-urlencoded
      Content-Length:
      - '90'
      Accept-Encoding:
      - gzip;q=1.0,deflate;q=0.6,identity;q=0.3
      Accept:
      - "*/*"
  response:
    status:
      code: 204
      message: 'No Content '
    headers:
      X-Frame-Options:
      - SAMEORIGIN
      X-Xss-Protection:
      - 1; mode=block
      X-Content-Type-Options:
      - nosniff
      Cache-Control:
      - no-cache
      X-Request-Id:
      - 459b50b2-ec7e-4023-989b-9e9c28971f07
      X-Runtime:
      - '0.007916'
      Server:
      - WEBrick/1.3.1 (Ruby/2.1.5/2014-11-13)
      Date:
      - Wed, 03 Jun 2015 18:17:09 GMT
      Connection:
      - Keep-Alive
    body:
      encoding: UTF-8
      string: ''
    http_version: 
  recorded_at: Wed, 03 Jun 2015 18:17:09 GMT
- request:
    method: get
    uri: http://localhost:3000/v1/schools/754
    body:
      encoding: US-ASCII
      string: ''
    headers:
      User-Agent:
      - Hurley v0.1
      Accept-Encoding:
      - gzip;q=1.0,deflate;q=0.6,identity;q=0.3
      Accept:
      - "*/*"
  response:
    status:
      code: 200
      message: 'OK '
    headers:
      X-Frame-Options:
      - SAMEORIGIN
      X-Xss-Protection:
      - 1; mode=block
      X-Content-Type-Options:
      - nosniff
      Content-Type:
      - application/json; charset=utf-8
      Etag:
      - '"f3dc437f57903a8356642b6fdf6296af"'
      Cache-Control:
      - max-age=0, private, must-revalidate
      X-Request-Id:
      - a241812c-4bcc-44b2-9389-83b7bc94a6a4
      X-Runtime:
      - '0.006650'
      Server:
      - WEBrick/1.3.1 (Ruby/2.1.5/2014-11-13)
      Date:
      - Wed, 03 Jun 2015 18:17:09 GMT
      Content-Length:
      - '176'
      Connection:
      - Keep-Alive
    body:
      encoding: UTF-8
      string: '{"id":754,"uid":"999","overweight_percentage":"12.3","obese_percentage":"19.0","county_id":null,"created_at":"2015-06-03T18:17:09.061Z","updated_at":"2015-06-03T18:17:09.078Z"}'
    http_version: 
  recorded_at: Wed, 03 Jun 2015 18:17:09 GMT
recorded_with: VCR 2.9.3
